// Jest Snapshot v1, https://goo.gl/fbAQLP

exports[`快照测试 1`] = `
<div>
  test
</div>
`;
